{'.': [(15, 21), (26, 21), (7, 26), (18, 26), (27, 13), (8, 9), (19, 9), (11, 5), (8, 18), (19, 18), (11, 23), (10, 27), (4, 2), (22, 10), (3, 6), (22, 19), (3, 15), (22, 28), (3, 24), (14, 24), (7, 3), (18, 3), (15, 16), (26, 16), (7, 12), (15, 25), (26, 25), (7, 21), (18, 21), (27, 8), (11, 9), (25, 11), (10, 22), (2, 27), (22, 5), (3, 1), (14, 1), (22, 14), (14, 10), (22, 23), (3, 19), (14, 19), (3, 28), (14, 28), (15, 2), (26, 2), (15, 11), (26, 11), (7, 7), (18, 7), (26, 20), (21, 18), (21, 27), (11, 4), (10, 8), (10, 17), (2, 13), (25, 15), (10, 26), (2, 22), (14, 5), (22, 18), (3, 14), (22, 27), (3, 23), (14, 23), (17, 25), (28, 25), (7, 2), (18, 2), (18, 11), (7, 11), (6, 15), (21, 13), (6, 24), (25, 1), (10, 12), (2, 8), (25, 10), (10, 21), (2, 17), (25, 19), (2, 26), (22, 4), (22, 13), (3, 9), (14, 9), (3, 18), (14, 18), (26, 1), (17, 20), (28, 20), (5, 27), (9, 25), (21, 8), (6, 19), (21, 17), (6, 28), (21, 26), (10, 7), (10, 16), (2, 12), (25, 14), (10, 25), (2, 21), (22, 8), (13, 27), (24, 27), (14, 4), (17, 6), (28, 6), (17, 15), (28, 15), (9, 11), (5, 22), (17, 24), (28, 24), (6, 5), (21, 3), (6, 14), (21, 12), (6, 23), (10, 2), (10, 11), (2, 7), (24, 13), (13, 22), (24, 22), (16, 18), (16, 27), (17, 1), (28, 1), (5, 8), (17, 10), (9, 6), (5, 17), (17, 19), (9, 15), (5, 26), (17, 28), (28, 28), (9, 24), (21, 7), (6, 18), (21, 16), (20, 20), (10, 6), (12, 25), (23, 25), (2, 2), (2, 11), (13, 8), (24, 8), (1, 15), (24, 17), (16, 13), (1, 24), (13, 26), (24, 26), (16, 22), (17, 5), (28, 5), (9, 1), (5, 12), (17, 14), (28, 14), (9, 10), (5, 21), (17, 23), (28, 23), (9, 28), (6, 4), (21, 2), (6, 13), (20, 24), (12, 20), (4, 25), (13, 3), (24, 3), (13, 12), (24, 12), (16, 8), (1, 19), (13, 21), (24, 21), (16, 17), (1, 28), (16, 26), (5, 7), (17, 9), (9, 5), (5, 16), (28, 18), (9, 14), (5, 25), (8, 27), (19, 27), (20, 1), (20, 10), (12, 6), (23, 6), (20, 19), (23, 15), (20, 28), (4, 11), (12, 24), (23, 24), (4, 20), (1, 5), (13, 7), (24, 7), (16, 3), (1, 14), (24, 16), (1, 23), (24, 25), (5, 2), (17, 4), (28, 4), (5, 11), (9, 9), (27, 17), (8, 13), (19, 13), (27, 26), (8, 22), (19, 22), (11, 18), (11, 27), (12, 1), (23, 1), (20, 14), (12, 10), (23, 10), (20, 23), (4, 6), (12, 19), (23, 19), (4, 15), (12, 28), (23, 28), (4, 24), (13, 2), (24, 2), (1, 9), (13, 11), (24, 11), (16, 7), (1, 18), (16, 16), (15, 20), (5, 6), (7, 25), (18, 25), (27, 12), (8, 8), (19, 8), (8, 17), (19, 17), (8, 26), (19, 26), (11, 22), (12, 5), (23, 5), (20, 18), (4, 1), (12, 14), (12, 23), (23, 23), (4, 19), (4, 28), (1, 4), (24, 6), (16, 2), (1, 13), (15, 15), (26, 15), (15, 24), (26, 24), (27, 7), (19, 3), (27, 16), (8, 12), (19, 12), (27, 25), (11, 8), (8, 21), (19, 21), (11, 17), (11, 26), (20, 13), (12, 9), (4, 5), (23, 18), (4, 14), (22, 22), (3, 27), (14, 27), (15, 1), (15, 10), (26, 10), (7, 6), (18, 6), (15, 19), (7, 15), (15, 28), (26, 28), (7, 24), (18, 24), (27, 2), (27, 11), (8, 7), (19, 7), (8, 16), (19, 16), (11, 12), (19, 25), (11, 21), (12, 4), (23, 4), (4, 9), (22, 17), (3, 13), (22, 26), (3, 22), (14, 22), (26, 5), (7, 1), (18, 1), (15, 14), (26, 14), (7, 10), (18, 10), (15, 23), (18, 19), (7, 28), (18, 28), (27, 6), (19, 2), (8, 11), (19, 11), (11, 7), (11, 16), (10, 20), (25, 18), (2, 25), (22, 3), (22, 12), (3, 8), (14, 8), (22, 21), (3, 17), (14, 17), (3, 26), (14, 26), (15, 9), (7, 5), (18, 5), (15, 18), (26, 18), (7, 14), (7, 23), (18, 23), (27, 1), (6, 27), (19, 6), (21, 25), (11, 2), (10, 15), (25, 13), (10, 24), (2, 20), (25, 22), (22, 7), (14, 3), (22, 16), (3, 12), (14, 12), (22, 25), (3, 21), (14, 21), (26, 4), (15, 13), (26, 13), (7, 9), (18, 9), (18, 18), (21, 11), (6, 22), (10, 1), (10, 10), (2, 6), (25, 8), (10, 19), (7, 8), (2, 15), (25, 17), (10, 28), (2, 24), (22, 2), (22, 11), (3, 7), (14, 7), (14, 16), (3, 25), (14, 25), (17, 18), (17, 27), (28, 27), (7, 4), (9, 23), (18, 4), (21, 6), (6, 17), (21, 15), (6, 26), (21, 24), (10, 5), (2, 1), (25, 3), (10, 14), (25, 12), (10, 23), (2, 19), (2, 28), (22, 6), (13, 25), (3, 2), (14, 2), (3, 11), (14, 11), (28, 13), (17, 13), (5, 20), (17, 22), (28, 22), (9, 18), (9, 27), (6, 3), (21, 1), (6, 12), (21, 10), (6, 21), (21, 19), (21, 28), (10, 9), (2, 5), (25, 7), (10, 18), (2, 14), (25, 16), (2, 23), (22, 1), (13, 20), (1, 27), (14, 6), (16, 25), (17, 8), (17, 17), (28, 17), (5, 24), (17, 26), (28, 26), (21, 5), (6, 16), (21, 14), (6, 25), (21, 23), (20, 27), (10, 4), (25, 2), (2, 9), (13, 6), (2, 18), (13, 15), (24, 15), (16, 11), (13, 24), (1, 22), (24, 24), (5, 1), (17, 3), (28, 3), (28, 12), (17, 12), (9, 8), (5, 19), (17, 21), (28, 21), (9, 17), (5, 28), (9, 26), (6, 2), (6, 11), (6, 20), (20, 22), (12, 27), (23, 27), (2, 4), (4, 23), (13, 1), (24, 1), (1, 8), (13, 10), (24, 10), (16, 6), (1, 17), (13, 19), (24, 19), (16, 15), (1, 26), (13, 28), (24, 28), (16, 24), (5, 5), (17, 7), (28, 7), (5, 14), (17, 16), (28, 16), (9, 12), (5, 23), (6, 6), (8, 25), (21, 4), (20, 17), (20, 26), (12, 22), (23, 22), (4, 27), (13, 5), (24, 5), (16, 1), (1, 12), (24, 14), (16, 10), (1, 21), (13, 23), (24, 23), (16, 28), (17, 2), (28, 2), (5, 9), (17, 11), (9, 7), (5, 18), (9, 16), (27, 15), (27, 24), (6, 1), (8, 20), (19, 20), (11, 25), (20, 3), (20, 12), (12, 8), (23, 8), (20, 21), (4, 4), (12, 17), (23, 17), (4, 13), (12, 26), (23, 26), (15, 12), (4, 22), (13, 9), (16, 5), (13, 18), (24, 18), (16, 14), (1, 25), (16, 23), (15, 27), (26, 27), (5, 4), (9, 2), (5, 13), (27, 10), (8, 15), (19, 15), (27, 28), (11, 11), (8, 24), (19, 24), (11, 20), (23, 3), (20, 16), (12, 12), (23, 12), (20, 25), (4, 8), (12, 21), (23, 21), (4, 17), (4, 26), (1, 2), (13, 4), (24, 4), (1, 11), (16, 9), (15, 22), (26, 22), (7, 27), (18, 27), (8, 1), (19, 1), (27, 14), (19, 10), (11, 6), (8, 19), (19, 19), (11, 15), (8, 28), (19, 28), (11, 24), (20, 2), (20, 11), (12, 7), (23, 7), (4, 3), (12, 16), (23, 16), (4, 12), (4, 21), (1, 6), (26, 8), (15, 17), (26, 17), (7, 13), (15, 26), (26, 26), (7, 22), (18, 22), (27, 9), (19, 5), (27, 18), (11, 1), (8, 14), (27, 27), (11, 10), (8, 23), (19, 23), (11, 19), (11, 28), (12, 2), (23, 2), (12, 11), (23, 11), (4, 7), (4, 16), (22, 15), (22, 24), (1, 1), (14, 20), (15, 3), (26, 3), (26, 12), (18, 8)], 'T': [(0, 0), (0, 1), (0, 2), (0, 3), (0, 4), (0, 5), (0, 6), (0, 7), (0, 8), (0, 9), (0, 10), (0, 11), (0, 12), (0, 13), (0, 14), (0, 15), (0, 16), (0, 17), (0, 18), (0, 19), (0, 20), (0, 21), (0, 22), (0, 23), (0, 24), (0, 25), (0, 26), (0, 27), (0, 28), (0, 29), (1, 0), (1, 3), (1, 10), (1, 16), (1, 29), (2, 0), (2, 3), (2, 10), (2, 16), (2, 29), (3, 0), (3, 3), (3, 4), (3, 5), (3, 10), (3, 16), (3, 29), (4, 0), (4, 10), (4, 29), (5, 0), (5, 10), (5, 29), (6, 0), (6, 7), (6, 8), (6, 9), (6, 10), (6, 29), (7, 0), (7, 16), (7, 17), (7, 18), (7, 19), (7, 20), (7, 29), (8, 0), (8, 3), (8, 4), (8, 5), (8, 6), (8, 10), (8, 29), (9, 0), (9, 3), (9, 13), (9, 19), (9, 20), (9, 21), (9, 22), (9, 29), (10, 0), (10, 3), (10, 13), (10, 29), (11, 0), (11, 3), (11, 13), (11, 29), (12, 0), (12, 3), (12, 13), (12, 15), (12, 29), (13, 0), (13, 13), (13, 16), (13, 17), (13, 29), (14, 0), (14, 13), (14, 14), (14, 15), (14, 29), (15, 0), (15, 4), (15, 5), (15, 6), (15, 7), (15, 8), (15, 29), (16, 0), (16, 4), (16, 19), (16, 20), (16, 21), (16, 29), (17, 0), (17, 29), (18, 0), (18, 13), (18, 14), (18, 15), (18, 16), (18, 17), (18, 29), (19, 0), (19, 4), (19, 29), (20, 0), (20, 4), (20, 5), (20, 6), (20, 7), (20, 8), (20, 9), (20, 15), (20, 29), (21, 0), (21, 9), (21, 20), (21, 21), (21, 22), (21, 29), (22, 0), (22, 9), (22, 20), (22, 29), (23, 0), (23, 9), (23, 13), (23, 14), (23, 20), (23, 29), (24, 0), (24, 9), (24, 20), (24, 29), (25, 0), (25, 4), (25, 5), (25, 6), (25, 9), (25, 20), (25, 21), (25, 27), (25, 28), (25, 29), (26, 0), (26, 6), (26, 7), (26, 9), (26, 19), (26, 29), (27, 0), (27, 3), (27, 4), (27, 5), (27, 19), (27, 20), (27, 21), (27, 22), (27, 29), (28, 0), (28, 8), (28, 9), (28, 10), (28, 19), (28, 29), (29, 0), (29, 1), (29, 2), (29, 3), (29, 4), (29, 5), (29, 6), (29, 7), (29, 8), (29, 9), (29, 10), (29, 11), (29, 12), (29, 13), (29, 14), (29, 15), (29, 16), (29, 17), (29, 18), (29, 19), (29, 20), (29, 21), (29, 22), (29, 23), (29, 24), (29, 25), (29, 26), (29, 27), (29, 28), (29, 29)], 'R': [(5, 15), (12, 18), (18, 20), (25, 23), (25, 24), (25, 25), (25, 26), (18, 12)], '_': [], '~': [(3, 20), (4, 18), (5, 3), (11, 14), (26, 23)], 'x': [(9, 4), (16, 12)], '*': [(8, 2), (28, 11)], '+': [(1, 7), (1, 20), (13, 14), (27, 23)], 'L': [(19, 14)]}, {'size': (30, 31), 'mushroom_collected': 0, 'mushroom_total': 4, 'game_won': False, 'game_lost': False, 'inventory': '', 'invalid_input': False}